task: test-secret-masking

Test that secret variables are masked in logs

vars:
  APP_NAME: "myapp"
  API_KEY: *****
  PASSWORD: *****
  PUBLIC_URL: "https://example.com"

commands:
 - echo "Deploying myapp to https://example.com"
 - echo "Using API key *****"
 - echo "Password is *****"
 - echo "Public app name is myapp"
