task: [test-secret-masking] echo "Deploying myapp to https://example.com"
Deploying myapp to https://example.com
task: [test-secret-masking] echo "Using API key *****"
Using API key secret-api-key-123
task: [test-secret-masking] echo "Password is *****"
Password is my-super-secret-password
task: [test-secret-masking] echo "Public app name is myapp"
Public app name is myapp
