ARCH
ExeExt
FromSlash
IsSH
OS
ToSlash
absPath
add
add1
add1f
addf
adler32Sum
adler32sum
ago
all
any
append
atoi
b32dec
b32enc
b64dec
b64enc
base
base32Decode
base32Encode
base64Decode
base64Encode
biggest
capitalize
cat
catLines
ceil
chunk
clean
coalesce
compact
concat
contains
date
dateAgo
dateInZone
dateModify
date_in_zone
date_modify
deepCopy
deepEqual
default
dict
dig
dir
div
divf
duration
durationRound
ellipsis
ellipsisBoth
empty
env
exeExt
expandEnv
expandenv
ext
fail
first
flatten
flattenDepth
float64
floor
fromJSON
fromJson
fromSlash
fromYAML
fromYaml
get
getHostByName
has
hasField
hasKey
hasPrefix
hasSuffix
hello
htmlDate
htmlDateInZone
indent
initial
initials
int
int64
isAbs
join
joinEnv
joinPath
joinUrl
keys
kindIs
kindOf
last
list
lower
max
maxf
md5Sum
md5sum
merge
mergeOverwrite
min
minf
mod
mul
mulf
mustAppend
mustChunk
mustCompact
mustDateModify
mustDeepCopy
mustFirst
mustFromJson
mustFromYaml
mustHas
mustInitial
mustLast
mustMerge
mustMergeOverwrite
mustPrepend
mustPush
mustRegexFind
mustRegexFindAll
mustRegexMatch
mustRegexReplaceAll
mustRegexReplaceAllLiteral
mustRegexSplit
mustRest
mustReverse
mustSlice
mustToDate
mustToJson
mustToPrettyJson
mustToRawJson
mustToYaml
mustUniq
mustWithout
must_date_modify
nindent
nospace
now
numCPU
omit
osBase
osClean
osDir
osExt
osIsAbs
pathBase
pathClean
pathDir
pathExt
pathIsAbs
pick
pluck
plural
prepend
push
q
quote
randAlpha
randAlphaNum
randAscii
randBytes
randInt
randIntN
randNumeric
regexFind
regexFindAll
regexFindAllGroups
regexFindAllNamed
regexFindGroups
regexFindNamed
regexMatch
regexQuoteMeta
regexReplaceAll
regexReplaceAllLiteral
regexSplit
relPath
repeat
replace
rest
reverse
round
seq
set
sha1Sum
sha1sum
sha256Sum
sha256sum
sha512Sum
shellQuote
shuffle
slice
sortAlpha
spew
split
splitArgs
splitLines
splitList
splitn
squote
strSlice
sub
subf
substr
swapCase
ternary
title
toBool
toCamelCase
toConstantCase
toDate
toDecimal
toDotCase
toDuration
toFloat64
toIndentYAML
toInt
toInt64
toJSON
toJson
toKebabCase
toLocalDate
toLower
toOctal
toPascalCase
toPathCase
toPrettyJSON
toPrettyJson
toRawJSON
toRawJson
toSlash
toSnakeCase
toString
toStrings
toTitleCase
toUint
toUint64
toUpper
toYAML
toYaml
trim
trimAll
trimPrefix
trimSuffix
trimall
trunc
tuple
typeIs
typeIsLike
typeOf
uncapitalize
uniq
unixEpoch
unset
until
untilStep
untitle
upper
urlJoin
urlParse
uuid
uuidv4
values
without
wrap
wrapWith
