ARCH
ExeExt
FromSlash
IsSH
OS
ToSlash
absPath
add
add1
adler32sum
ago
all
any
append
atoi
b32dec
b32enc
b64dec
b64enc
base
biggest
cat
catLines
ceil
chunk
clean
coalesce
compact
concat
contains
date
dateInZone
dateModify
date_in_zone
date_modify
deepEqual
default
dict
dig
dir
div
duration
durationRound
empty
env
exeExt
expandenv
ext
fail
first
float64
floor
fromJson
fromSlash
fromYaml
get
getHostByName
has
hasKey
hasPrefix
hasSuffix
hello
htmlDate
htmlDateInZone
indent
initial
int
int64
isAbs
join
joinEnv
joinPath
joinUrl
keys
kindIs
kindOf
last
list
lower
max
maxf
merge
min
minf
mod
mul
mustAppend
mustChunk
mustCompact
mustDateModify
mustFirst
mustFromJson
mustFromYaml
mustHas
mustInitial
mustLast
mustPrepend
mustPush
mustRegexFind
mustRegexFindAll
mustRegexMatch
mustRegexReplaceAll
mustRegexReplaceAllLiteral
mustRegexSplit
mustRest
mustReverse
mustSlice
mustToDate
mustToJson
mustToPrettyJson
mustToRawJson
mustToYaml
mustUniq
mustWithout
must_date_modify
nindent
now
numCPU
omit
osBase
osClean
osDir
osExt
osIsAbs
pick
pluck
plural
prepend
push
q
quote
randInt
randIntN
regexFind
regexFindAll
regexMatch
regexQuoteMeta
regexReplaceAll
regexReplaceAllLiteral
regexSplit
relPath
repeat
replace
rest
reverse
round
seq
set
sha1sum
sha256sum
shellQuote
slice
sortAlpha
spew
split
splitArgs
splitLines
splitList
splitn
squote
sub
substr
ternary
title
toDate
toDecimal
toJson
toPrettyJson
toRawJson
toSlash
toString
toStrings
toYaml
trim
trimAll
trimPrefix
trimSuffix
trimall
trunc
tuple
typeIs
typeIsLike
typeOf
uniq
unixEpoch
unset
until
untilStep
upper
urlJoin
urlParse
uuid
values
without
